06:42:29 [CI   ] INFO: [CI] 注入故障: S2 fault=None phys=False logic=True
06:42:29 [CI   ] INFO: [CI] 排列进路 起点->B [cbtc] → 终点=1500m (common), 道岔=无, 覆盖=['S1', 'S2']
06:42:29 [CI   ] WARNING: [CI] 进路排列失败 (non_cbtc): 1 个区段占用
06:42:29 [CI   ] WARNING: [CI]   区段 S2: display=cbtc physical=False logical=True arb=False
06:42:29 [CI   ] INFO: [CI] 注入故障: S3 fault=ARB phys=True logic=False
06:42:29 [CI   ] INFO: [CI] 道岔 SW1 转换: 区段 S3 处于 ARB，降级允许
06:42:29 [CI   ] INFO: [CI] 道岔 SW1 → reverse
06:42:29 [CI   ] INFO: [CI] 注入故障: S3 fault=ARB phys=True logic=True
06:42:29 [CI   ] WARNING: [CI] 道岔 SW1 无法转换: 区段 S3 conflict
06:42:29 [CI   ] INFO: [CI] 注入故障: S3 fault=ARB phys=True logic=False
06:42:29 [CI   ] INFO: [CI] 道岔 SW1 所在区段 S3 处于 ARB，降级允许
06:42:29 [CI   ] INFO: [CI] 排列进路 起点->D [cbtc] → 终点=3400m (main), 道岔={'SW1': 'normal'}, 覆盖=['S1', 'S2', 'S3', 'S4m', 'S5m']
06:42:29 [CI   ] WARNING: [CI] 进路排列失败 (non_cbtc): 1 个区段占用
06:42:29 [CI   ] WARNING: [CI]   区段 S3: display=arb physical=True logical=False arb=True
06:42:29 [CI   ] INFO: [CI] 注入故障: S2 fault=None phys=True logic=True
06:42:29 [CI   ] WARNING: [CI] 进路排列失败 (non_cbtc): 1 个区段占用
06:42:29 [CI   ] WARNING: [CI]   区段 S2: display=conflict physical=True logical=True arb=False
06:42:29 [CI   ] INFO: [CI] 注入故障: S2 fault=ARB phys=True logic=False
06:42:29 [CI   ] WARNING: [CI] 进路排列失败 (non_cbtc): 1 个区段占用
06:42:29 [CI   ] WARNING: [CI]   区段 S2: display=arb physical=True logical=False arb=True
06:48:18 [CI   ] INFO: [CI] 注入故障: S2 fault=None phys=False logic=True
06:48:18 [CI   ] INFO: [CI] 排列进路 起点->B [cbtc] → 终点=1500m (common), 道岔=无, 覆盖=['S1', 'S2']
06:48:18 [Step7] INFO:   CBTC 模式 起点→B                                         → OK 成功
06:48:18 [CI   ] WARNING: [CI] 进路排列失败 (non_cbtc): 1 个区段占用
06:48:18 [CI   ] WARNING: [CI]   区段 S2: display=cbtc physical=False logical=True arb=False
06:48:18 [Step7] INFO:   非CBTC 模式 起点→B                                        → XX 失败
06:48:18 [CI   ] INFO: [CI] 注入故障: S3 fault=ARB phys=True logic=False
06:48:18 [CI   ] INFO: [CI] 道岔 SW1 转换: 区段 S3 处于 ARB，降级允许
06:48:18 [CI   ] INFO: [CI] 道岔 SW1 → reverse
06:48:18 [CI   ] INFO: [CI] 注入故障: S3 fault=ARB phys=True logic=True
06:48:18 [CI   ] WARNING: [CI] 道岔 SW1 无法转换: 区段 S3 conflict
06:48:18 [CI   ] INFO: [CI] 注入故障: S3 fault=ARB phys=True logic=False
06:48:18 [CI   ] INFO: [CI] 道岔 SW1 所在区段 S3 处于 ARB，降级允许
06:48:18 [CI   ] INFO: [CI] 排列进路 起点->D [cbtc] → 终点=3400m (main), 道岔={'SW1': 'normal'}, 覆盖=['S1', 'S2', 'S3', 'S4m', 'S5m']
06:48:18 [Step7] INFO:   CBTC 模式 起点→D                                         → OK 成功
06:48:18 [CI   ] WARNING: [CI] 进路排列失败 (non_cbtc): 1 个区段占用
06:48:18 [CI   ] WARNING: [CI]   区段 S3: display=arb physical=True logical=False arb=True
06:48:18 [Step7] INFO:   非CBTC 模式 起点→D                                        → XX 失败
06:48:18 [CI   ] INFO: [CI] 注入故障: S2 fault=None phys=True logic=True
06:48:18 [CI   ] WARNING: [CI] 进路排列失败 (non_cbtc): 1 个区段占用
06:48:18 [CI   ] WARNING: [CI]   区段 S2: display=conflict physical=True logical=True arb=False
06:48:18 [Step7] INFO:   非CBTC 起点→B（S2 真实占用）                                  → XX 失败
06:48:18 [CI   ] INFO: [CI] 注入故障: S2 fault=ARB phys=True logic=False
06:48:18 [CI   ] WARNING: [CI] 进路排列失败 (non_cbtc): 1 个区段占用
06:48:18 [CI   ] WARNING: [CI]   区段 S2: display=arb physical=True logical=False arb=True
06:48:18 [Step7] INFO:   非CBTC 起点→B（S2 是 ARB）                                 → XX 失败
06:57:38 [Step7] INFO: 
########################################################################
06:57:38 [Step7] INFO: #  CBTC 故障占用场景对照实验 (Step 7)
06:57:38 [Step7] INFO: ########################################################################
06:57:38 [Step7] INFO: 
========================================================================
06:57:38 [Step7] INFO:  实验 1：Failed Vacant（物理空闲、逻辑占用）
06:57:38 [Step7] INFO: ========================================================================
06:57:38 [Step7] INFO:  背景：T1(CBTC) 停在 S2(1000m)，计轴故障导致 S2 物理显示空闲
06:57:38 [Step7] INFO:       但 ZC 知道 T1 在那里（逻辑占用）
07:01:05 [Step7] INFO: 
########################################################################
07:01:05 [Step7] INFO: #  CBTC 故障占用场景对照实验 (Step 7)
07:01:05 [Step7] INFO: ########################################################################
07:01:05 [Step7] INFO: 
========================================================================
07:01:05 [Step7] INFO:  实验 1：Failed Vacant（物理空闲、逻辑占用）
07:01:05 [Step7] INFO: ========================================================================
07:01:05 [Step7] INFO:  背景：T1(CBTC) 停在 S2(1000m)，计轴故障导致 S2 物理显示空闲
07:01:05 [Step7] INFO:       但 ZC 知道 T1 在那里（逻辑占用）
07:02:44 [Step7] INFO: ########################################################################
07:02:44 [Step7] INFO: #  CBTC 故障占用场景对照实验 (Step 7)
07:02:44 [Step7] INFO: ########################################################################
07:02:44 [Step7] INFO: ========================================================================
07:02:44 [Step7] INFO:  实验 1：Failed Vacant（物理空闲、逻辑占用）
07:02:44 [Step7] INFO: ========================================================================
07:02:44 [Step7] INFO:  背景：T1(CBTC) 停在 S2(1000m)，计轴故障导致 S2 物理显示空闲
07:02:44 [Step7] INFO:       但 ZC 知道 T1 在那里（逻辑占用）
07:02:44 [CI   ] INFO: [CI] 注入故障: S2 fault=None phys=False logic=True
07:02:44 [Step7] INFO:   场景 1a：CBTC 列车请求 起点→B 进路
07:02:44 [CI   ] INFO: [CI] 排列进路 起点->B [cbtc] → 终点=1500m (common), 道岔=无, 覆盖=['S1', 'S2']
07:02:44 [Step7] INFO:   CBTC 模式 起点→B                                         → OK 成功
07:02:44 [Step7] INFO:   场景 1b：非CBTC 列车请求 起点→B 进路
07:02:44 [CI   ] WARNING: [CI] 进路排列失败 (non_cbtc): 1 个区段占用
07:02:44 [CI   ] WARNING: [CI]   区段 S2: display=cbtc physical=False logical=True arb=False
07:02:44 [Step7] INFO:   非CBTC 模式 起点→B                                        → XX 失败
07:02:44 [Step7] INFO:   预期：
07:02:44 [Step7] INFO:     CBTC 成功 → 只检查始端第一区段(S1)，S1 空闲
07:02:44 [Step7] INFO:     非CBTC 失败 → 检查整条进路(S1+S2)，S2 逻辑占用
07:02:44 [Step7] INFO: ========================================================================
07:02:44 [Step7] INFO:  实验 2：ARB 场景下的道岔转换
07:02:44 [Step7] INFO: ========================================================================
07:02:44 [Step7] INFO:  背景：S3 触发 ARB（物理占用、逻辑空闲、已确认故障）
07:02:44 [CI   ] INFO: [CI] 注入故障: S3 fault=ARB phys=True logic=False
07:02:44 [Step7] INFO:   场景 2a：ARB + 逻辑空闲 → 转换 SW1 到 reverse
07:02:44 [CI   ] INFO: [CI] 道岔 SW1 转换: 区段 S3 处于 ARB，降级允许
07:02:44 [CI   ] INFO: [CI] 道岔 SW1 → reverse
07:02:44 [Step7] INFO:   转换 SW1 → reverse  → OK 允许
07:02:44 [CI   ] INFO: [CI] 注入故障: S3 fault=ARB phys=True logic=True
07:02:44 [Step7] INFO:   场景 2b：ARB + 逻辑占用（有 CBTC 车）→ 转换 SW1 到 normal
07:02:44 [CI   ] WARNING: [CI] 道岔 SW1 无法转换: 区段 S3 conflict
07:02:44 [Step7] INFO:   转换 SW1 → normal   → XX 禁止
07:02:44 [Step7] INFO:   预期：
07:02:44 [Step7] INFO:     ARB + 逻辑空闲：允许（融合空闲）
07:02:44 [Step7] INFO:     ARB + 逻辑占用：禁止（逻辑优先）
07:02:44 [Step7] INFO: ========================================================================
07:02:44 [Step7] INFO:  实验 3：ARB 场景下的进路排列
07:02:44 [Step7] INFO: ========================================================================
07:02:44 [Step7] INFO:  背景：S3 触发 ARB（物理占用、逻辑空闲）
07:02:44 [CI   ] INFO: [CI] 注入故障: S3 fault=ARB phys=True logic=False
07:02:44 [Step7] INFO:   场景 3a：CBTC 列车请求 起点→D 进路（经过 S3、道岔 SW1）
07:02:44 [CI   ] INFO: [CI] 道岔 SW1 所在区段 S3 处于 ARB，降级允许
07:02:44 [CI   ] INFO: [CI] 排列进路 起点->D [cbtc] → 终点=3400m (main), 道岔={'SW1': 'normal'}, 覆盖=['S1', 'S2', 'S3', 'S4m', 'S5m']
07:02:44 [Step7] INFO:   CBTC 模式 起点→D                                         → OK 成功
07:02:44 [Step7] INFO:   场景 3b：非CBTC 列车请求 起点→D 进路
07:02:44 [CI   ] WARNING: [CI] 进路排列失败 (non_cbtc): 1 个区段占用
07:02:44 [CI   ] WARNING: [CI]   区段 S3: display=arb physical=True logical=False arb=True
07:02:44 [Step7] INFO:   非CBTC 模式 起点→D                                        → XX 失败
07:02:44 [Step7] INFO:   预期：
07:02:44 [Step7] INFO:     CBTC 成功（只查第一区段，ARB 区段不查）
07:02:44 [Step7] INFO:     非CBTC 失败（检查整条进路，ARB 区段物理占用 → 拒绝）
07:02:44 [Step7] INFO:     注：ARB 豁免只针对道岔转换，不针对进路建立
07:02:44 [Step7] INFO: ========================================================================
07:02:44 [Step7] INFO:  实验 4：ARB vs 真实占用（对非CBTC 进路）
07:02:44 [Step7] INFO: ========================================================================
07:02:44 [CI   ] INFO: [CI] 注入故障: S2 fault=None phys=True logic=True
07:02:44 [Step7] INFO:   场景 4a：S2 真实占用（有车）→ 非CBTC 请求 起点→B
07:02:44 [CI   ] WARNING: [CI] 进路排列失败 (non_cbtc): 1 个区段占用
07:02:44 [CI   ] WARNING: [CI]   区段 S2: display=conflict physical=True logical=True arb=False
07:02:44 [Step7] INFO:   非CBTC 起点→B（S2 真实占用）                                  → XX 失败
07:02:44 [CI   ] INFO: [CI] 注入故障: S2 fault=ARB phys=True logic=False
07:02:44 [Step7] INFO:   场景 4b：S2 是 ARB（已确认故障、逻辑空闲）→ 非CBTC 请求 起点→B
07:02:44 [CI   ] WARNING: [CI] 进路排列失败 (non_cbtc): 1 个区段占用
07:02:44 [CI   ] WARNING: [CI]   区段 S2: display=arb physical=True logical=False arb=True
07:02:44 [Step7] INFO:   非CBTC 起点→B（S2 是 ARB）                                 → XX 失败
07:02:44 [Step7] INFO:   预期：
07:02:44 [Step7] INFO:     真实占用 → 拒绝（任何模式）
07:02:44 [Step7] INFO:     ARB     → 非CBTC 进路同样拒绝（无法确认区段安全）
07:02:44 [Step7] INFO: ########################################################################
07:02:44 [Step7] INFO: #  实验结束
07:02:44 [Step7] INFO: ########################################################################

################################################################################
# New run at 2026-09-26 07:05:47.314189
################################################################################
07:05:47 [Step7] INFO: ########################################################################
07:05:47 [Step7] INFO: #  CBTC 故障占用场景对照实验 (Step 7)
07:05:47 [Step7] INFO: ########################################################################
07:05:47 [Step7] INFO: ========================================================================
07:05:47 [Step7] INFO:  实验 1：Failed Vacant（物理空闲、逻辑占用）
07:05:47 [Step7] INFO: ========================================================================
07:05:47 [Step7] INFO:  背景：T1(CBTC) 停在 S2(1000m)，计轴故障导致 S2 物理显示空闲
07:05:47 [Step7] INFO:       但 ZC 知道 T1 在那里（逻辑占用）
07:05:47 [CI   ] INFO: [CI] 注入故障: S2 fault=None phys=False logic=True
07:05:47 [Step7] INFO:   场景 1a：CBTC 列车请求 起点→B 进路
07:05:47 [CI   ] INFO: [CI] 排列进路 起点->B [cbtc] → 终点=1500m (common), 道岔=无, 覆盖=['S1', 'S2']
07:05:47 [Step7] INFO:   CBTC 模式 起点→B                                         → OK 成功
07:05:47 [Step7] INFO:   场景 1b：非CBTC 列车请求 起点→B 进路
07:05:47 [CI   ] WARNING: [CI] 进路排列失败 (non_cbtc): 1 个区段占用
07:05:47 [CI   ] WARNING: [CI]   区段 S2: display=cbtc physical=False logical=True arb=False
07:05:47 [Step7] INFO:   非CBTC 模式 起点→B                                        → XX 失败
07:05:47 [Step7] INFO:   预期：
07:05:47 [Step7] INFO:     CBTC 成功 → 只检查始端第一区段(S1)，S1 空闲
07:05:47 [Step7] INFO:     非CBTC 失败 → 检查整条进路(S1+S2)，S2 逻辑占用
07:05:47 [Step7] INFO: ========================================================================
07:05:47 [Step7] INFO:  实验 2：ARB 场景下的道岔转换
07:05:47 [Step7] INFO: ========================================================================
07:05:47 [Step7] INFO:  背景：S3 触发 ARB（物理占用、逻辑空闲、已确认故障）
07:05:47 [CI   ] INFO: [CI] 注入故障: S3 fault=ARB phys=True logic=False
07:05:47 [Step7] INFO:   场景 2a：ARB + 逻辑空闲 → 转换 SW1 到 reverse
07:05:47 [CI   ] INFO: [CI] 道岔 SW1 转换: 区段 S3 处于 ARB，降级允许
07:05:47 [CI   ] INFO: [CI] 道岔 SW1 → reverse
07:05:47 [Step7] INFO:   转换 SW1 → reverse  → OK 允许
07:05:47 [CI   ] INFO: [CI] 注入故障: S3 fault=ARB phys=True logic=True
07:05:47 [Step7] INFO:   场景 2b：ARB + 逻辑占用（有 CBTC 车）→ 转换 SW1 到 normal
07:05:47 [CI   ] WARNING: [CI] 道岔 SW1 无法转换: 区段 S3 conflict
07:05:47 [Step7] INFO:   转换 SW1 → normal   → XX 禁止
07:05:47 [Step7] INFO:   预期：
07:05:47 [Step7] INFO:     ARB + 逻辑空闲：允许（融合空闲）
07:05:47 [Step7] INFO:     ARB + 逻辑占用：禁止（逻辑优先）
07:05:47 [Step7] INFO: ========================================================================
07:05:47 [Step7] INFO:  实验 3：ARB 场景下的进路排列
07:05:47 [Step7] INFO: ========================================================================
07:05:47 [Step7] INFO:  背景：S3 触发 ARB（物理占用、逻辑空闲）
07:05:47 [CI   ] INFO: [CI] 注入故障: S3 fault=ARB phys=True logic=False
07:05:47 [Step7] INFO:   场景 3a：CBTC 列车请求 起点→D 进路（经过 S3、道岔 SW1）
07:05:47 [CI   ] INFO: [CI] 道岔 SW1 所在区段 S3 处于 ARB，降级允许
07:05:47 [CI   ] INFO: [CI] 排列进路 起点->D [cbtc] → 终点=3400m (main), 道岔={'SW1': 'normal'}, 覆盖=['S1', 'S2', 'S3', 'S4m', 'S5m']
07:05:47 [Step7] INFO:   CBTC 模式 起点→D                                         → OK 成功
07:05:47 [Step7] INFO:   场景 3b：非CBTC 列车请求 起点→D 进路
07:05:47 [CI   ] WARNING: [CI] 进路排列失败 (non_cbtc): 1 个区段占用
07:05:47 [CI   ] WARNING: [CI]   区段 S3: display=arb physical=True logical=False arb=True
07:05:47 [Step7] INFO:   非CBTC 模式 起点→D                                        → XX 失败
07:05:47 [Step7] INFO:   预期：
07:05:47 [Step7] INFO:     CBTC 成功（只查第一区段，ARB 区段不查）
07:05:47 [Step7] INFO:     非CBTC 失败（检查整条进路，ARB 区段物理占用 → 拒绝）
07:05:47 [Step7] INFO:     注：ARB 豁免只针对道岔转换，不针对进路建立
07:05:47 [Step7] INFO: ========================================================================
07:05:47 [Step7] INFO:  实验 4：ARB vs 真实占用（对非CBTC 进路）
07:05:47 [Step7] INFO: ========================================================================
07:05:47 [CI   ] INFO: [CI] 注入故障: S2 fault=None phys=True logic=True
07:05:47 [Step7] INFO:   场景 4a：S2 真实占用（有车）→ 非CBTC 请求 起点→B
07:05:47 [CI   ] WARNING: [CI] 进路排列失败 (non_cbtc): 1 个区段占用
07:05:47 [CI   ] WARNING: [CI]   区段 S2: display=conflict physical=True logical=True arb=False
07:05:47 [Step7] INFO:   非CBTC 起点→B（S2 真实占用）                                  → XX 失败
07:05:47 [CI   ] INFO: [CI] 注入故障: S2 fault=ARB phys=True logic=False
07:05:47 [Step7] INFO:   场景 4b：S2 是 ARB（已确认故障、逻辑空闲）→ 非CBTC 请求 起点→B
07:05:47 [CI   ] WARNING: [CI] 进路排列失败 (non_cbtc): 1 个区段占用
07:05:47 [CI   ] WARNING: [CI]   区段 S2: display=arb physical=True logical=False arb=True
07:05:47 [Step7] INFO:   非CBTC 起点→B（S2 是 ARB）                                 → XX 失败
07:05:47 [Step7] INFO:   预期：
07:05:47 [Step7] INFO:     真实占用 → 拒绝（任何模式）
07:05:47 [Step7] INFO:     ARB     → 非CBTC 进路同样拒绝（无法确认区段安全）
07:05:47 [Step7] INFO: ########################################################################
07:05:47 [Step7] INFO: #  实验结束
07:05:47 [Step7] INFO: ########################################################################
